// Jest Snapshot v1, https://goo.gl/fbAQLP

exports[`Case Class: class-transformer-validator-async should fail validation when deeply nested type is wrong 1`] = `
Array [
  ValidationError {
    "children": Array [
      ValidationError {
        "children": Array [],
        "constraints": Object {
          "isBoolean": "bool must be a boolean value",
        },
        "property": "bool",
        "target": DeeplyNestedType {
          "bool": "foo",
          "foo": "bar",
          "num": 1,
        },
        "value": "foo",
      },
    ],
    "property": "deeplyNested",
    "target": DataType {
      "boolean": true,
      "deeplyNested": DeeplyNestedType {
        "bool": "foo",
        "foo": "bar",
        "num": 1,
      },
      "longString": "Lorem ipsum dolor sit amet, consectetur adipiscing elit, sed do eiusmod tempor incididunt ut labore et dolore magna aliqua. Ut enim ad minim veniam, quis nostrud exercitation ullamco laboris nisi ut aliquip ex ea commodo consequat. Duis aute irure dolor in reprehenderit in voluptate velit esse cillum dolore eu fugiat nulla pariatur. Excepteur sint occaecat cupidatat non proident, sunt in culpa qui officia deserunt mollit anim id est laborum. Vivendum intellegat et qui, ei denique consequuntur vix. Semper aeterno percipit ut his, sea ex utinam referrentur repudiandae. No epicuri hendrerit consetetur sit, sit dicta adipiscing ex, in facete detracto deterruisset duo. Quot populo ad qui. Sit fugit nostrum et. Ad per diam dicant interesset, lorem iusto sensibus ut sed. No dicam aperiam vis. Pri posse graeco definitiones cu, id eam populo quaestio adipiscing, usu quod malorum te. Ex nam agam veri, dicunt efficiantur ad qui, ad legere adversarium sit. Commune platonem mel id, brute adipiscing duo an. Vivendum intellegat et qui, ei denique consequuntur vix. Offendit eleifend moderatius ex vix, quem odio mazim et qui, purto expetendis cotidieque quo cu, veri persius vituperata ei nec. Duis aute irure dolor in reprehenderit in voluptate velit esse cillum dolore eu fugiat nulla pariatur.",
      "maxNumber": 1.7976931348623157e+308,
      "negNumber": -1,
      "number": 1,
      "string": "string",
    },
    "value": DeeplyNestedType {
      "bool": "foo",
      "foo": "bar",
      "num": 1,
    },
  },
]
`;

exports[`Case Class: class-transformer-validator-async should fail validation when prop is missing 1`] = `
Array [
  ValidationError {
    "children": Array [],
    "constraints": Object {
      "isBoolean": "boolean must be a boolean value",
    },
    "property": "boolean",
    "target": DataType {
      "deeplyNested": DeeplyNestedType {
        "bool": false,
        "foo": "bar",
        "num": 1,
      },
      "longString": "Lorem ipsum dolor sit amet, consectetur adipiscing elit, sed do eiusmod tempor incididunt ut labore et dolore magna aliqua. Ut enim ad minim veniam, quis nostrud exercitation ullamco laboris nisi ut aliquip ex ea commodo consequat. Duis aute irure dolor in reprehenderit in voluptate velit esse cillum dolore eu fugiat nulla pariatur. Excepteur sint occaecat cupidatat non proident, sunt in culpa qui officia deserunt mollit anim id est laborum. Vivendum intellegat et qui, ei denique consequuntur vix. Semper aeterno percipit ut his, sea ex utinam referrentur repudiandae. No epicuri hendrerit consetetur sit, sit dicta adipiscing ex, in facete detracto deterruisset duo. Quot populo ad qui. Sit fugit nostrum et. Ad per diam dicant interesset, lorem iusto sensibus ut sed. No dicam aperiam vis. Pri posse graeco definitiones cu, id eam populo quaestio adipiscing, usu quod malorum te. Ex nam agam veri, dicunt efficiantur ad qui, ad legere adversarium sit. Commune platonem mel id, brute adipiscing duo an. Vivendum intellegat et qui, ei denique consequuntur vix. Offendit eleifend moderatius ex vix, quem odio mazim et qui, purto expetendis cotidieque quo cu, veri persius vituperata ei nec. Duis aute irure dolor in reprehenderit in voluptate velit esse cillum dolore eu fugiat nulla pariatur.",
      "maxNumber": 1.7976931348623157e+308,
      "negNumber": -1,
      "number": 1,
      "string": "string",
    },
    "value": undefined,
  },
]
`;

exports[`Case Class: class-transformer-validator-async should fail validation when type is wrong 1`] = `
Array [
  ValidationError {
    "children": Array [],
    "constraints": Object {
      "isBoolean": "boolean must be a boolean value",
    },
    "property": "boolean",
    "target": DataType {
      "boolean": "foo",
      "deeplyNested": DeeplyNestedType {
        "bool": false,
        "foo": "bar",
        "num": 1,
      },
      "longString": "Lorem ipsum dolor sit amet, consectetur adipiscing elit, sed do eiusmod tempor incididunt ut labore et dolore magna aliqua. Ut enim ad minim veniam, quis nostrud exercitation ullamco laboris nisi ut aliquip ex ea commodo consequat. Duis aute irure dolor in reprehenderit in voluptate velit esse cillum dolore eu fugiat nulla pariatur. Excepteur sint occaecat cupidatat non proident, sunt in culpa qui officia deserunt mollit anim id est laborum. Vivendum intellegat et qui, ei denique consequuntur vix. Semper aeterno percipit ut his, sea ex utinam referrentur repudiandae. No epicuri hendrerit consetetur sit, sit dicta adipiscing ex, in facete detracto deterruisset duo. Quot populo ad qui. Sit fugit nostrum et. Ad per diam dicant interesset, lorem iusto sensibus ut sed. No dicam aperiam vis. Pri posse graeco definitiones cu, id eam populo quaestio adipiscing, usu quod malorum te. Ex nam agam veri, dicunt efficiantur ad qui, ad legere adversarium sit. Commune platonem mel id, brute adipiscing duo an. Vivendum intellegat et qui, ei denique consequuntur vix. Offendit eleifend moderatius ex vix, quem odio mazim et qui, purto expetendis cotidieque quo cu, veri persius vituperata ei nec. Duis aute irure dolor in reprehenderit in voluptate velit esse cillum dolore eu fugiat nulla pariatur.",
      "maxNumber": 1.7976931348623157e+308,
      "negNumber": -1,
      "number": 1,
      "string": "string",
    },
    "value": "foo",
  },
]
`;

exports[`Case Class: class-transformer-validator-sync should fail validation when deeply nested type is wrong 1`] = `
Array [
  ValidationError {
    "children": Array [
      ValidationError {
        "children": Array [],
        "constraints": Object {
          "isBoolean": "bool must be a boolean value",
        },
        "property": "bool",
        "target": DeeplyNestedType {
          "bool": "foo",
          "foo": "bar",
          "num": 1,
        },
        "value": "foo",
      },
    ],
    "property": "deeplyNested",
    "target": DataType {
      "boolean": true,
      "deeplyNested": DeeplyNestedType {
        "bool": "foo",
        "foo": "bar",
        "num": 1,
      },
      "longString": "Lorem ipsum dolor sit amet, consectetur adipiscing elit, sed do eiusmod tempor incididunt ut labore et dolore magna aliqua. Ut enim ad minim veniam, quis nostrud exercitation ullamco laboris nisi ut aliquip ex ea commodo consequat. Duis aute irure dolor in reprehenderit in voluptate velit esse cillum dolore eu fugiat nulla pariatur. Excepteur sint occaecat cupidatat non proident, sunt in culpa qui officia deserunt mollit anim id est laborum. Vivendum intellegat et qui, ei denique consequuntur vix. Semper aeterno percipit ut his, sea ex utinam referrentur repudiandae. No epicuri hendrerit consetetur sit, sit dicta adipiscing ex, in facete detracto deterruisset duo. Quot populo ad qui. Sit fugit nostrum et. Ad per diam dicant interesset, lorem iusto sensibus ut sed. No dicam aperiam vis. Pri posse graeco definitiones cu, id eam populo quaestio adipiscing, usu quod malorum te. Ex nam agam veri, dicunt efficiantur ad qui, ad legere adversarium sit. Commune platonem mel id, brute adipiscing duo an. Vivendum intellegat et qui, ei denique consequuntur vix. Offendit eleifend moderatius ex vix, quem odio mazim et qui, purto expetendis cotidieque quo cu, veri persius vituperata ei nec. Duis aute irure dolor in reprehenderit in voluptate velit esse cillum dolore eu fugiat nulla pariatur.",
      "maxNumber": 1.7976931348623157e+308,
      "negNumber": -1,
      "number": 1,
      "string": "string",
    },
    "value": DeeplyNestedType {
      "bool": "foo",
      "foo": "bar",
      "num": 1,
    },
  },
]
`;

exports[`Case Class: class-transformer-validator-sync should fail validation when prop is missing 1`] = `
Array [
  ValidationError {
    "children": Array [],
    "constraints": Object {
      "isBoolean": "boolean must be a boolean value",
    },
    "property": "boolean",
    "target": DataType {
      "deeplyNested": DeeplyNestedType {
        "bool": false,
        "foo": "bar",
        "num": 1,
      },
      "longString": "Lorem ipsum dolor sit amet, consectetur adipiscing elit, sed do eiusmod tempor incididunt ut labore et dolore magna aliqua. Ut enim ad minim veniam, quis nostrud exercitation ullamco laboris nisi ut aliquip ex ea commodo consequat. Duis aute irure dolor in reprehenderit in voluptate velit esse cillum dolore eu fugiat nulla pariatur. Excepteur sint occaecat cupidatat non proident, sunt in culpa qui officia deserunt mollit anim id est laborum. Vivendum intellegat et qui, ei denique consequuntur vix. Semper aeterno percipit ut his, sea ex utinam referrentur repudiandae. No epicuri hendrerit consetetur sit, sit dicta adipiscing ex, in facete detracto deterruisset duo. Quot populo ad qui. Sit fugit nostrum et. Ad per diam dicant interesset, lorem iusto sensibus ut sed. No dicam aperiam vis. Pri posse graeco definitiones cu, id eam populo quaestio adipiscing, usu quod malorum te. Ex nam agam veri, dicunt efficiantur ad qui, ad legere adversarium sit. Commune platonem mel id, brute adipiscing duo an. Vivendum intellegat et qui, ei denique consequuntur vix. Offendit eleifend moderatius ex vix, quem odio mazim et qui, purto expetendis cotidieque quo cu, veri persius vituperata ei nec. Duis aute irure dolor in reprehenderit in voluptate velit esse cillum dolore eu fugiat nulla pariatur.",
      "maxNumber": 1.7976931348623157e+308,
      "negNumber": -1,
      "number": 1,
      "string": "string",
    },
    "value": undefined,
  },
]
`;

exports[`Case Class: class-transformer-validator-sync should fail validation when type is wrong 1`] = `
Array [
  ValidationError {
    "children": Array [],
    "constraints": Object {
      "isBoolean": "boolean must be a boolean value",
    },
    "property": "boolean",
    "target": DataType {
      "boolean": "foo",
      "deeplyNested": DeeplyNestedType {
        "bool": false,
        "foo": "bar",
        "num": 1,
      },
      "longString": "Lorem ipsum dolor sit amet, consectetur adipiscing elit, sed do eiusmod tempor incididunt ut labore et dolore magna aliqua. Ut enim ad minim veniam, quis nostrud exercitation ullamco laboris nisi ut aliquip ex ea commodo consequat. Duis aute irure dolor in reprehenderit in voluptate velit esse cillum dolore eu fugiat nulla pariatur. Excepteur sint occaecat cupidatat non proident, sunt in culpa qui officia deserunt mollit anim id est laborum. Vivendum intellegat et qui, ei denique consequuntur vix. Semper aeterno percipit ut his, sea ex utinam referrentur repudiandae. No epicuri hendrerit consetetur sit, sit dicta adipiscing ex, in facete detracto deterruisset duo. Quot populo ad qui. Sit fugit nostrum et. Ad per diam dicant interesset, lorem iusto sensibus ut sed. No dicam aperiam vis. Pri posse graeco definitiones cu, id eam populo quaestio adipiscing, usu quod malorum te. Ex nam agam veri, dicunt efficiantur ad qui, ad legere adversarium sit. Commune platonem mel id, brute adipiscing duo an. Vivendum intellegat et qui, ei denique consequuntur vix. Offendit eleifend moderatius ex vix, quem odio mazim et qui, purto expetendis cotidieque quo cu, veri persius vituperata ei nec. Duis aute irure dolor in reprehenderit in voluptate velit esse cillum dolore eu fugiat nulla pariatur.",
      "maxNumber": 1.7976931348623157e+308,
      "negNumber": -1,
      "number": 1,
      "string": "string",
    },
    "value": "foo",
  },
]
`;

exports[`Case Class: computed-types should fail validation when deeply nested type is wrong 1`] = `[TypeError: deeplyNested: deeplyNested.bool: Expect value to be "boolean"]`;

exports[`Case Class: computed-types should fail validation when prop is missing 1`] = `[TypeError: boolean: Expect value to be "boolean"]`;

exports[`Case Class: computed-types should fail validation when type is wrong 1`] = `[TypeError: boolean: Expect value to be "boolean"]`;

exports[`Case Class: io-ts should fail validation when deeply nested type is wrong 1`] = `[Error: Invalid]`;

exports[`Case Class: io-ts should fail validation when prop is missing 1`] = `[Error: Invalid]`;

exports[`Case Class: io-ts should fail validation when type is wrong 1`] = `[Error: Invalid]`;

exports[`Case Class: jointz should fail validation when deeply nested type is wrong 1`] = `
Array [
  Object {
    "message": "must be one of true, false",
    "path": Array [
      "deeplyNested",
      "bool",
    ],
    "value": "foo",
  },
]
`;

exports[`Case Class: jointz should fail validation when prop is missing 1`] = `
Array [
  Object {
    "message": "required key \\"boolean\\" was not defined",
    "path": Array [],
    "value": Object {
      "deeplyNested": Object {
        "bool": false,
        "foo": "bar",
        "num": 1,
      },
      "longString": "Lorem ipsum dolor sit amet, consectetur adipiscing elit, sed do eiusmod tempor incididunt ut labore et dolore magna aliqua. Ut enim ad minim veniam, quis nostrud exercitation ullamco laboris nisi ut aliquip ex ea commodo consequat. Duis aute irure dolor in reprehenderit in voluptate velit esse cillum dolore eu fugiat nulla pariatur. Excepteur sint occaecat cupidatat non proident, sunt in culpa qui officia deserunt mollit anim id est laborum. Vivendum intellegat et qui, ei denique consequuntur vix. Semper aeterno percipit ut his, sea ex utinam referrentur repudiandae. No epicuri hendrerit consetetur sit, sit dicta adipiscing ex, in facete detracto deterruisset duo. Quot populo ad qui. Sit fugit nostrum et. Ad per diam dicant interesset, lorem iusto sensibus ut sed. No dicam aperiam vis. Pri posse graeco definitiones cu, id eam populo quaestio adipiscing, usu quod malorum te. Ex nam agam veri, dicunt efficiantur ad qui, ad legere adversarium sit. Commune platonem mel id, brute adipiscing duo an. Vivendum intellegat et qui, ei denique consequuntur vix. Offendit eleifend moderatius ex vix, quem odio mazim et qui, purto expetendis cotidieque quo cu, veri persius vituperata ei nec. Duis aute irure dolor in reprehenderit in voluptate velit esse cillum dolore eu fugiat nulla pariatur.",
      "maxNumber": 1.7976931348623157e+308,
      "negNumber": -1,
      "number": 1,
      "string": "string",
    },
  },
]
`;

exports[`Case Class: jointz should fail validation when type is wrong 1`] = `
Array [
  Object {
    "message": "must be one of true, false",
    "path": Array [
      "boolean",
    ],
    "value": "foo",
  },
]
`;

exports[`Case Class: json-decoder should fail validation when deeply nested type is wrong 1`] = `[Error: deeplyNested: bool: expected boolean, got string]`;

exports[`Case Class: json-decoder should fail validation when prop is missing 1`] = `[Error: boolean: expected boolean, got undefined]`;

exports[`Case Class: json-decoder should fail validation when type is wrong 1`] = `[Error: boolean: expected boolean, got string]`;

exports[`Case Class: marshal should fail validation when deeply nested type is wrong 1`] = `[Error: Invalid]`;

exports[`Case Class: marshal should fail validation when prop is missing 1`] = `[Error: Invalid]`;

exports[`Case Class: marshal should fail validation when type is wrong 1`] = `[Error: Invalid]`;

exports[`Case Class: myzod should fail validation when deeply nested type is wrong 1`] = `[MyZodError: error parsing object at path: "deeplyNested.bool" - expected type to be boolean but got string]`;

exports[`Case Class: myzod should fail validation when prop is missing 1`] = `[MyZodError: error parsing object at path: "boolean" - expected type to be boolean but got undefined]`;

exports[`Case Class: myzod should fail validation when type is wrong 1`] = `[MyZodError: error parsing object at path: "boolean" - expected type to be boolean but got string]`;

exports[`Case Class: purify-ts should fail validation when deeply nested type is wrong 1`] = `[Error: Invalid]`;

exports[`Case Class: purify-ts should fail validation when prop is missing 1`] = `[Error: Invalid]`;

exports[`Case Class: purify-ts should fail validation when type is wrong 1`] = `[Error: Invalid]`;

exports[`Case Class: quartet should fail validation when deeply nested type is wrong 1`] = `[Error: Invalid]`;

exports[`Case Class: quartet should fail validation when prop is missing 1`] = `[Error: Invalid]`;

exports[`Case Class: quartet should fail validation when type is wrong 1`] = `[Error: Invalid]`;

exports[`Case Class: rulr should fail validation when deeply nested type is wrong 1`] = `[ValidationErrors: deeplyNested.bool: expected boolean]`;

exports[`Case Class: rulr should fail validation when prop is missing 1`] = `[ValidationErrors: boolean: expected boolean]`;

exports[`Case Class: rulr should fail validation when type is wrong 1`] = `[ValidationErrors: boolean: expected boolean]`;

exports[`Case Class: runtypes should fail validation when deeply nested type is wrong 1`] = `[ValidationError: Expected boolean, but was string]`;

exports[`Case Class: runtypes should fail validation when prop is missing 1`] = `[ValidationError: Expected boolean, but was undefined]`;

exports[`Case Class: runtypes should fail validation when type is wrong 1`] = `[ValidationError: Expected boolean, but was string]`;

exports[`Case Class: toi should fail validation when deeply nested type is wrong 1`] = `[Error: value does not match structure]`;

exports[`Case Class: toi should fail validation when prop is missing 1`] = `[Error: value does not match structure]`;

exports[`Case Class: toi should fail validation when type is wrong 1`] = `[Error: value does not match structure]`;

exports[`Case Class: ts-json-validator should fail validation when deeply nested type is wrong 1`] = `[Error: Invalid]`;

exports[`Case Class: ts-json-validator should fail validation when prop is missing 1`] = `[Error: Invalid]`;

exports[`Case Class: ts-json-validator should fail validation when type is wrong 1`] = `[Error: Invalid]`;

exports[`Case Class: ts-utils should fail validation when deeply nested type is wrong 1`] = `
DecodeError {
  "expected": [Function],
  "key": Array [
    TypedObject {
      "name": "Data",
      "type": "TypedObject",
    },
    ObjectKey {
      "name": "deeplyNested",
      "type": "ObjectKey",
    },
    TypedObject {
      "name": "DeeplyNested",
      "type": "TypedObject",
    },
    ObjectKey {
      "name": "bool",
      "type": "ObjectKey",
    },
  ],
  "val": "foo",
}
`;

exports[`Case Class: ts-utils should fail validation when prop is missing 1`] = `
DecodeError {
  "expected": [Function],
  "key": Array [
    TypedObject {
      "name": "Data",
      "type": "TypedObject",
    },
    ObjectKey {
      "name": "boolean",
      "type": "ObjectKey",
    },
  ],
  "val": undefined,
}
`;

exports[`Case Class: ts-utils should fail validation when type is wrong 1`] = `
DecodeError {
  "expected": [Function],
  "key": Array [
    TypedObject {
      "name": "Data",
      "type": "TypedObject",
    },
    ObjectKey {
      "name": "boolean",
      "type": "ObjectKey",
    },
  ],
  "val": "foo",
}
`;

exports[`Case Class: yup should fail validation when deeply nested type is wrong 1`] = `[ValidationError: deeplyNested.bool must be a \`boolean\` type, but the final value was: \`"foo"\`.]`;

exports[`Case Class: yup should fail validation when prop is missing 1`] = `[ValidationError: boolean is a required field]`;

exports[`Case Class: yup should fail validation when type is wrong 1`] = `[ValidationError: boolean must be a \`boolean\` type, but the final value was: \`"foo"\`.]`;

exports[`Case Class: zod should fail validation when deeply nested type is wrong 1`] = `[Error: deeplyNested.bool: Non-boolean type: string]`;

exports[`Case Class: zod should fail validation when prop is missing 1`] = `[Error: boolean: Non-boolean type: undefined]`;

exports[`Case Class: zod should fail validation when type is wrong 1`] = `[Error: boolean: Non-boolean type: string]`;
